------------------------------------------------------------
Timing Analyzer Summary
------------------------------------------------------------

Type  : Slow 1200mV 85C Model Setup 'pulsoSegundo:A0|clk_sec'
Slack : -33.787
TNS   : -124.587

Type  : Slow 1200mV 85C Model Setup 'CLOCK_50'
Slack : -2.269
TNS   : -7.263

Type  : Slow 1200mV 85C Model Setup 'divisorSegundo:A1|clk_10sec'
Slack : -0.762
TNS   : -1.772

Type  : Slow 1200mV 85C Model Setup 'divisorSegundo:A1|clk_10min'
Slack : -0.714
TNS   : -1.862

Type  : Slow 1200mV 85C Model Setup 'divisorSegundo:A1|clk_min'
Slack : -0.585
TNS   : -1.550

Type  : Slow 1200mV 85C Model Hold 'pulsoSegundo:A0|clk_sec'
Slack : 0.395
TNS   : 0.000

Type  : Slow 1200mV 85C Model Hold 'CLOCK_50'
Slack : 0.403
TNS   : 0.000

Type  : Slow 1200mV 85C Model Hold 'divisorSegundo:A1|clk_10sec'
Slack : 0.404
TNS   : 0.000

Type  : Slow 1200mV 85C Model Hold 'divisorSegundo:A1|clk_10min'
Slack : 0.405
TNS   : 0.000

Type  : Slow 1200mV 85C Model Hold 'divisorSegundo:A1|clk_min'
Slack : 0.405
TNS   : 0.000

Type  : Slow 1200mV 85C Model Minimum Pulse Width 'CLOCK_50'
Slack : -3.000
TNS   : -17.135

Type  : Slow 1200mV 85C Model Minimum Pulse Width 'pulsoSegundo:A0|clk_sec'
Slack : -1.285
TNS   : -26.985

Type  : Slow 1200mV 85C Model Minimum Pulse Width 'divisorSegundo:A1|clk_10min'
Slack : -1.285
TNS   : -5.140

Type  : Slow 1200mV 85C Model Minimum Pulse Width 'divisorSegundo:A1|clk_10sec'
Slack : -1.285
TNS   : -5.140

Type  : Slow 1200mV 85C Model Minimum Pulse Width 'divisorSegundo:A1|clk_min'
Slack : -1.285
TNS   : -5.140

Type  : Slow 1200mV 0C Model Setup 'pulsoSegundo:A0|clk_sec'
Slack : -30.486
TNS   : -112.243

Type  : Slow 1200mV 0C Model Setup 'CLOCK_50'
Slack : -2.008
TNS   : -5.684

Type  : Slow 1200mV 0C Model Setup 'divisorSegundo:A1|clk_10sec'
Slack : -0.578
TNS   : -1.297

Type  : Slow 1200mV 0C Model Setup 'divisorSegundo:A1|clk_10min'
Slack : -0.541
TNS   : -1.376

Type  : Slow 1200mV 0C Model Setup 'divisorSegundo:A1|clk_min'
Slack : -0.424
TNS   : -1.087

Type  : Slow 1200mV 0C Model Hold 'pulsoSegundo:A0|clk_sec'
Slack : 0.351
TNS   : 0.000

Type  : Slow 1200mV 0C Model Hold 'CLOCK_50'
Slack : 0.354
TNS   : 0.000

Type  : Slow 1200mV 0C Model Hold 'divisorSegundo:A1|clk_10min'
Slack : 0.354
TNS   : 0.000

Type  : Slow 1200mV 0C Model Hold 'divisorSegundo:A1|clk_10sec'
Slack : 0.354
TNS   : 0.000

Type  : Slow 1200mV 0C Model Hold 'divisorSegundo:A1|clk_min'
Slack : 0.355
TNS   : 0.000

Type  : Slow 1200mV 0C Model Minimum Pulse Width 'CLOCK_50'
Slack : -3.000
TNS   : -17.135

Type  : Slow 1200mV 0C Model Minimum Pulse Width 'pulsoSegundo:A0|clk_sec'
Slack : -1.285
TNS   : -26.985

Type  : Slow 1200mV 0C Model Minimum Pulse Width 'divisorSegundo:A1|clk_10min'
Slack : -1.285
TNS   : -5.140

Type  : Slow 1200mV 0C Model Minimum Pulse Width 'divisorSegundo:A1|clk_10sec'
Slack : -1.285
TNS   : -5.140

Type  : Slow 1200mV 0C Model Minimum Pulse Width 'divisorSegundo:A1|clk_min'
Slack : -1.285
TNS   : -5.140

Type  : Fast 1200mV 0C Model Setup 'pulsoSegundo:A0|clk_sec'
Slack : -15.953
TNS   : -52.063

Type  : Fast 1200mV 0C Model Setup 'CLOCK_50'
Slack : -0.662
TNS   : -0.696

Type  : Fast 1200mV 0C Model Setup 'divisorSegundo:A1|clk_10sec'
Slack : 0.139
TNS   : 0.000

Type  : Fast 1200mV 0C Model Setup 'divisorSegundo:A1|clk_10min'
Slack : 0.163
TNS   : 0.000

Type  : Fast 1200mV 0C Model Setup 'divisorSegundo:A1|clk_min'
Slack : 0.225
TNS   : 0.000

Type  : Fast 1200mV 0C Model Hold 'CLOCK_50'
Slack : 0.182
TNS   : 0.000

Type  : Fast 1200mV 0C Model Hold 'divisorSegundo:A1|clk_10min'
Slack : 0.182
TNS   : 0.000

Type  : Fast 1200mV 0C Model Hold 'divisorSegundo:A1|clk_10sec'
Slack : 0.182
TNS   : 0.000

Type  : Fast 1200mV 0C Model Hold 'divisorSegundo:A1|clk_min'
Slack : 0.182
TNS   : 0.000

Type  : Fast 1200mV 0C Model Hold 'pulsoSegundo:A0|clk_sec'
Slack : 0.182
TNS   : 0.000

Type  : Fast 1200mV 0C Model Minimum Pulse Width 'CLOCK_50'
Slack : -3.000
TNS   : -14.663

Type  : Fast 1200mV 0C Model Minimum Pulse Width 'pulsoSegundo:A0|clk_sec'
Slack : -1.000
TNS   : -21.000

Type  : Fast 1200mV 0C Model Minimum Pulse Width 'divisorSegundo:A1|clk_10min'
Slack : -1.000
TNS   : -4.000

Type  : Fast 1200mV 0C Model Minimum Pulse Width 'divisorSegundo:A1|clk_10sec'
Slack : -1.000
TNS   : -4.000

Type  : Fast 1200mV 0C Model Minimum Pulse Width 'divisorSegundo:A1|clk_min'
Slack : -1.000
TNS   : -4.000

------------------------------------------------------------
